// Vitest Snapshot v1, https://vitest.dev/guide/snapshot.html

exports[`MissionTimelineDropdownWrapper > should match the snapshot 1`] = `
{
  "asFragment": [Function],
  "baseElement": <body>
    <div>
      <div
        class="sc-jMsorb bqjWtF Component-Dropdow rs-dropdown rs-dropdown-placement-bottom-end"
      >
        <button
          aria-controls="menu-:r1:"
          aria-haspopup="menu"
          class="rs-dropdown-toggle rs-btn rs-btn-default"
          id="menubutton-:r0:"
          role="button"
          type="button"
        >
          <span
            class="sc-gDpztx bVQkEh Element-IconBox"
          >
            <svg
              class="rs-dropdown-toggle-icon"
              height="20"
              viewBox="0 0 20 20"
              width="20"
            >
              <g
                transform="translate(120 -82)"
              >
                <path
                  d="M-102,91h-7V84h-2v7h-7v2h7v7h2V93h7Z"
                  fill="currentColor"
                />
                <rect
                  fill="none"
                  height="20"
                  transform="translate(-120 82)"
                  width="20"
                />
              </g>
            </svg>
          </span>
          Ajouter
          <svg
            aria-hidden="true"
            aria-label="angle down"
            class="rs-dropdown-toggle-caret rs-icon"
            data-category=""
            fill="currentColor"
            focusable="false"
            height="1em"
            viewBox="0 0 21 32"
            width="1em"
          >
            <path
              d="M19.196 13.143a.612.612 0 01-.179.411l-8.321 8.321c-.107.107-.268.179-.411.179s-.304-.071-.411-.179l-8.321-8.321c-.107-.107-.179-.268-.179-.411s.071-.304.179-.411l.893-.893a.582.582 0 01.411-.179c.143 0 .304.071.411.179l7.018 7.018 7.018-7.018c.107-.107.268-.179.411-.179s.304.071.411.179l.893.893a.617.617 0 01.179.411z"
            />
          </svg>
          <span
            class="rs-ripple-pond"
          >
            <span
              class="rs-ripple"
            />
          </span>
        </button>
        <ul
          aria-labelledby="menubutton-:r0:"
          class="sc-jMsorb bqjWtF Component-Dropdow rs-dropdown-menu"
          hidden=""
          id="menu-:r1:"
          role="menu"
          tabindex="0"
        >
          <div>
            <li
              aria-disabled="false"
              class="sc-icnseD iChHAy rs-dropdown-item rs-dropdown-item-with-icon"
              data-event-key="CONTROL_GROUP"
              id="menuitem-:r2:"
              role="menuitem"
              style="min-width: 300px;"
              tabindex="-1"
            >
              <span
                class="sc-gDpztx bVQkEh Element-IconBox"
              >
                <svg
                  class="rs-dropdown-item-menu-icon"
                  height="20"
                  viewBox="0 0 20 20"
                  width="20"
                >
                  <g
                    transform="translate(80 205)"
                  >
                    <rect
                      fill="currentColor"
                      height="12"
                      transform="translate(-64 -188) rotate(90)"
                      width="2"
                    />
                    <path
                      d="M-67.694-199l1.333,8h-7.277l1.336-8Zm0-2h-4.6a2,2,0,0,0-1.977,1.675L-76-189h12l-1.721-10.325A2,2,0,0,0-67.7-201Z"
                      fill="currentColor"
                    />
                    <rect
                      fill="currentColor"
                      height="2.25"
                      transform="translate(-70.75 -204.25)"
                      width="1.5"
                    />
                    <rect
                      fill="currentColor"
                      height="2.25"
                      transform="translate(-64.061 -203) rotate(45)"
                      width="1.5"
                    />
                    <rect
                      fill="currentColor"
                      height="2.25"
                      transform="translate(-77 -201.939) rotate(-45)"
                      width="1.5"
                    />
                  </g>
                  <rect
                    fill="none"
                    height="20"
                    width="20"
                  />
                </svg>
              </span>
              Ajouter des contrôles
            </li>
          </div>
        </ul>
      </div>
    </div>
    <div
      class="rs-toast-provider"
    >
      <div
        class="rs-toast-container rs-toast-container-top-center"
      />
      <div
        class="rs-toast-container rs-toast-container-bottom-center"
      />
      <div
        class="rs-toast-container rs-toast-container-top-start"
      />
      <div
        class="rs-toast-container rs-toast-container-top-end"
      />
      <div
        class="rs-toast-container rs-toast-container-bottom-start"
      />
      <div
        class="rs-toast-container rs-toast-container-bottom-end"
      />
    </div>
  </body>,
  "container": <div>
    <div
      class="sc-jMsorb bqjWtF Component-Dropdow rs-dropdown rs-dropdown-placement-bottom-end"
    >
      <button
        aria-controls="menu-:r1:"
        aria-haspopup="menu"
        class="rs-dropdown-toggle rs-btn rs-btn-default"
        id="menubutton-:r0:"
        role="button"
        type="button"
      >
        <span
          class="sc-gDpztx bVQkEh Element-IconBox"
        >
          <svg
            class="rs-dropdown-toggle-icon"
            height="20"
            viewBox="0 0 20 20"
            width="20"
          >
            <g
              transform="translate(120 -82)"
            >
              <path
                d="M-102,91h-7V84h-2v7h-7v2h7v7h2V93h7Z"
                fill="currentColor"
              />
              <rect
                fill="none"
                height="20"
                transform="translate(-120 82)"
                width="20"
              />
            </g>
          </svg>
        </span>
        Ajouter
        <svg
          aria-hidden="true"
          aria-label="angle down"
          class="rs-dropdown-toggle-caret rs-icon"
          data-category=""
          fill="currentColor"
          focusable="false"
          height="1em"
          viewBox="0 0 21 32"
          width="1em"
        >
          <path
            d="M19.196 13.143a.612.612 0 01-.179.411l-8.321 8.321c-.107.107-.268.179-.411.179s-.304-.071-.411-.179l-8.321-8.321c-.107-.107-.179-.268-.179-.411s.071-.304.179-.411l.893-.893a.582.582 0 01.411-.179c.143 0 .304.071.411.179l7.018 7.018 7.018-7.018c.107-.107.268-.179.411-.179s.304.071.411.179l.893.893a.617.617 0 01.179.411z"
          />
        </svg>
        <span
          class="rs-ripple-pond"
        >
          <span
            class="rs-ripple"
          />
        </span>
      </button>
      <ul
        aria-labelledby="menubutton-:r0:"
        class="sc-jMsorb bqjWtF Component-Dropdow rs-dropdown-menu"
        hidden=""
        id="menu-:r1:"
        role="menu"
        tabindex="0"
      >
        <div>
          <li
            aria-disabled="false"
            class="sc-icnseD iChHAy rs-dropdown-item rs-dropdown-item-with-icon"
            data-event-key="CONTROL_GROUP"
            id="menuitem-:r2:"
            role="menuitem"
            style="min-width: 300px;"
            tabindex="-1"
          >
            <span
              class="sc-gDpztx bVQkEh Element-IconBox"
            >
              <svg
                class="rs-dropdown-item-menu-icon"
                height="20"
                viewBox="0 0 20 20"
                width="20"
              >
                <g
                  transform="translate(80 205)"
                >
                  <rect
                    fill="currentColor"
                    height="12"
                    transform="translate(-64 -188) rotate(90)"
                    width="2"
                  />
                  <path
                    d="M-67.694-199l1.333,8h-7.277l1.336-8Zm0-2h-4.6a2,2,0,0,0-1.977,1.675L-76-189h12l-1.721-10.325A2,2,0,0,0-67.7-201Z"
                    fill="currentColor"
                  />
                  <rect
                    fill="currentColor"
                    height="2.25"
                    transform="translate(-70.75 -204.25)"
                    width="1.5"
                  />
                  <rect
                    fill="currentColor"
                    height="2.25"
                    transform="translate(-64.061 -203) rotate(45)"
                    width="1.5"
                  />
                  <rect
                    fill="currentColor"
                    height="2.25"
                    transform="translate(-77 -201.939) rotate(-45)"
                    width="1.5"
                  />
                </g>
                <rect
                  fill="none"
                  height="20"
                  width="20"
                />
              </svg>
            </span>
            Ajouter des contrôles
          </li>
        </div>
      </ul>
    </div>
  </div>,
  "debug": [Function],
  "findAllByAltText": [Function],
  "findAllByDisplayValue": [Function],
  "findAllByLabelText": [Function],
  "findAllByPlaceholderText": [Function],
  "findAllByRole": [Function],
  "findAllByTestId": [Function],
  "findAllByText": [Function],
  "findAllByTitle": [Function],
  "findByAltText": [Function],
  "findByDisplayValue": [Function],
  "findByLabelText": [Function],
  "findByPlaceholderText": [Function],
  "findByRole": [Function],
  "findByTestId": [Function],
  "findByText": [Function],
  "findByTitle": [Function],
  "getAllByAltText": [Function],
  "getAllByDisplayValue": [Function],
  "getAllByLabelText": [Function],
  "getAllByPlaceholderText": [Function],
  "getAllByRole": [Function],
  "getAllByTestId": [Function],
  "getAllByText": [Function],
  "getAllByTitle": [Function],
  "getByAltText": [Function],
  "getByDisplayValue": [Function],
  "getByLabelText": [Function],
  "getByPlaceholderText": [Function],
  "getByRole": [Function],
  "getByTestId": [Function],
  "getByText": [Function],
  "getByTitle": [Function],
  "queryAllByAltText": [Function],
  "queryAllByDisplayValue": [Function],
  "queryAllByLabelText": [Function],
  "queryAllByPlaceholderText": [Function],
  "queryAllByRole": [Function],
  "queryAllByTestId": [Function],
  "queryAllByText": [Function],
  "queryAllByTitle": [Function],
  "queryByAltText": [Function],
  "queryByDisplayValue": [Function],
  "queryByLabelText": [Function],
  "queryByPlaceholderText": [Function],
  "queryByRole": [Function],
  "queryByTestId": [Function],
  "queryByText": [Function],
  "queryByTitle": [Function],
  "rerender": [Function],
  "unmount": [Function],
}
`;
