// Vitest Snapshot v1, https://vitest.dev/guide/snapshot.html

exports[`ActionHeaderCompletenessForStats > should match the snapshot 1`] = `
{
  "asFragment": [Function],
  "baseElement": <body>
    <div>
      <div
        class="rs-stack"
        style="align-items: center; gap: 0.5rem;"
      >
        <div
          class="rs-stack-item"
          style="align-self: center; color: rgb(41, 179, 97);"
        >
          <span
            class="sc-hjsuWn eVTFbL Element-IconBox"
          >
            <svg
              height="20"
              viewBox="0 0 20 20"
              width="20"
            >
              <g
                transform="translate(-40)"
              >
                <path
                  d="M50,1a9,9,0,1,0,9,9A9,9,0,0,0,50,1Zm0,16a7,7,0,1,1,7-7A7,7,0,0,1,50,17Z"
                  fill="currentColor"
                />
                <path
                  d="M53.382,6.529l-4.243,4.243L47.018,8.65,45.6,10.064l2.121,2.121h0L49.139,13.6,54.8,7.943Z"
                  fill="currentColor"
                />
                <rect
                  fill="none"
                  height="20"
                  transform="translate(40)"
                  width="20"
                />
              </g>
            </svg>
          </span>
        </div>
        <div
          class="rs-stack-item"
          style="align-self: baseline;"
        >
          <p
            class="sc-iRcyzz sc-fFmWCW kUyofM hAFmCO"
            color="#29B361"
            font-size="13"
          >
            Les champs indispensables aux statistiques sont remplis.
          </p>
        </div>
      </div>
    </div>
    <div
      class="rs-toast-provider"
    >
      <div
        class="rs-toast-container rs-toast-container-top-center"
      />
      <div
        class="rs-toast-container rs-toast-container-bottom-center"
      />
      <div
        class="rs-toast-container rs-toast-container-top-start"
      />
      <div
        class="rs-toast-container rs-toast-container-top-end"
      />
      <div
        class="rs-toast-container rs-toast-container-bottom-start"
      />
      <div
        class="rs-toast-container rs-toast-container-bottom-end"
      />
    </div>
  </body>,
  "container": <div>
    <div
      class="rs-stack"
      style="align-items: center; gap: 0.5rem;"
    >
      <div
        class="rs-stack-item"
        style="align-self: center; color: rgb(41, 179, 97);"
      >
        <span
          class="sc-hjsuWn eVTFbL Element-IconBox"
        >
          <svg
            height="20"
            viewBox="0 0 20 20"
            width="20"
          >
            <g
              transform="translate(-40)"
            >
              <path
                d="M50,1a9,9,0,1,0,9,9A9,9,0,0,0,50,1Zm0,16a7,7,0,1,1,7-7A7,7,0,0,1,50,17Z"
                fill="currentColor"
              />
              <path
                d="M53.382,6.529l-4.243,4.243L47.018,8.65,45.6,10.064l2.121,2.121h0L49.139,13.6,54.8,7.943Z"
                fill="currentColor"
              />
              <rect
                fill="none"
                height="20"
                transform="translate(40)"
                width="20"
              />
            </g>
          </svg>
        </span>
      </div>
      <div
        class="rs-stack-item"
        style="align-self: baseline;"
      >
        <p
          class="sc-iRcyzz sc-fFmWCW kUyofM hAFmCO"
          color="#29B361"
          font-size="13"
        >
          Les champs indispensables aux statistiques sont remplis.
        </p>
      </div>
    </div>
  </div>,
  "debug": [Function],
  "findAllByAltText": [Function],
  "findAllByDisplayValue": [Function],
  "findAllByLabelText": [Function],
  "findAllByPlaceholderText": [Function],
  "findAllByRole": [Function],
  "findAllByTestId": [Function],
  "findAllByText": [Function],
  "findAllByTitle": [Function],
  "findByAltText": [Function],
  "findByDisplayValue": [Function],
  "findByLabelText": [Function],
  "findByPlaceholderText": [Function],
  "findByRole": [Function],
  "findByTestId": [Function],
  "findByText": [Function],
  "findByTitle": [Function],
  "getAllByAltText": [Function],
  "getAllByDisplayValue": [Function],
  "getAllByLabelText": [Function],
  "getAllByPlaceholderText": [Function],
  "getAllByRole": [Function],
  "getAllByTestId": [Function],
  "getAllByText": [Function],
  "getAllByTitle": [Function],
  "getByAltText": [Function],
  "getByDisplayValue": [Function],
  "getByLabelText": [Function],
  "getByPlaceholderText": [Function],
  "getByRole": [Function],
  "getByTestId": [Function],
  "getByText": [Function],
  "getByTitle": [Function],
  "queryAllByAltText": [Function],
  "queryAllByDisplayValue": [Function],
  "queryAllByLabelText": [Function],
  "queryAllByPlaceholderText": [Function],
  "queryAllByRole": [Function],
  "queryAllByTestId": [Function],
  "queryAllByText": [Function],
  "queryAllByTitle": [Function],
  "queryByAltText": [Function],
  "queryByDisplayValue": [Function],
  "queryByLabelText": [Function],
  "queryByPlaceholderText": [Function],
  "queryByRole": [Function],
  "queryByTestId": [Function],
  "queryByText": [Function],
  "queryByTitle": [Function],
  "rerender": [Function],
  "unmount": [Function],
}
`;
