// Vitest Snapshot v1, https://vitest.dev/guide/snapshot.html

exports[`MissionListPageHeaderWrapper > should match the snapshot 1`] = `
{
  "asFragment": [Function],
  "baseElement": <body>
    <div>
      <div
        class="sc-btRGtK hKFweT"
      >
        <div
          class="rs-flex-box-grid rs-flex-box-grid-middle rs-flex-box-grid-space-between"
          style="height: 100%; padding-left: 16px; padding-right: 16px;"
        >
          <div
            class="rs-flex-box-grid-item rs-flex-box-grid-item-0"
          >
            <div
              class="rs-flex-box-grid rs-flex-box-grid-middle rs-flex-box-grid-space-between"
              style="height: 100%;"
            >
              <div
                class="rs-flex-box-grid-item rs-flex-box-grid-item-0"
              >
                <img
                  alt="marianne logo"
                  height="80"
                  src="/src/assets/images/republique.svg"
                />
              </div>
              <div
                class="rs-flex-box-grid-item rs-flex-box-grid-item-0"
                style="margin-left: 1rem;"
              >
                Title
              </div>
            </div>
          </div>
          <div
            class="rs-flex-box-grid-item rs-flex-box-grid-item-0"
          />
        </div>
      </div>
    </div>
    <div
      class="rs-toast-provider"
    >
      <div
        class="rs-toast-container rs-toast-container-top-center"
      />
      <div
        class="rs-toast-container rs-toast-container-bottom-center"
      />
      <div
        class="rs-toast-container rs-toast-container-top-start"
      />
      <div
        class="rs-toast-container rs-toast-container-top-end"
      />
      <div
        class="rs-toast-container rs-toast-container-bottom-start"
      />
      <div
        class="rs-toast-container rs-toast-container-bottom-end"
      />
    </div>
  </body>,
  "container": <div>
    <div
      class="sc-btRGtK hKFweT"
    >
      <div
        class="rs-flex-box-grid rs-flex-box-grid-middle rs-flex-box-grid-space-between"
        style="height: 100%; padding-left: 16px; padding-right: 16px;"
      >
        <div
          class="rs-flex-box-grid-item rs-flex-box-grid-item-0"
        >
          <div
            class="rs-flex-box-grid rs-flex-box-grid-middle rs-flex-box-grid-space-between"
            style="height: 100%;"
          >
            <div
              class="rs-flex-box-grid-item rs-flex-box-grid-item-0"
            >
              <img
                alt="marianne logo"
                height="80"
                src="/src/assets/images/republique.svg"
              />
            </div>
            <div
              class="rs-flex-box-grid-item rs-flex-box-grid-item-0"
              style="margin-left: 1rem;"
            >
              Title
            </div>
          </div>
        </div>
        <div
          class="rs-flex-box-grid-item rs-flex-box-grid-item-0"
        />
      </div>
    </div>
  </div>,
  "debug": [Function],
  "findAllByAltText": [Function],
  "findAllByDisplayValue": [Function],
  "findAllByLabelText": [Function],
  "findAllByPlaceholderText": [Function],
  "findAllByRole": [Function],
  "findAllByTestId": [Function],
  "findAllByText": [Function],
  "findAllByTitle": [Function],
  "findByAltText": [Function],
  "findByDisplayValue": [Function],
  "findByLabelText": [Function],
  "findByPlaceholderText": [Function],
  "findByRole": [Function],
  "findByTestId": [Function],
  "findByText": [Function],
  "findByTitle": [Function],
  "getAllByAltText": [Function],
  "getAllByDisplayValue": [Function],
  "getAllByLabelText": [Function],
  "getAllByPlaceholderText": [Function],
  "getAllByRole": [Function],
  "getAllByTestId": [Function],
  "getAllByText": [Function],
  "getAllByTitle": [Function],
  "getByAltText": [Function],
  "getByDisplayValue": [Function],
  "getByLabelText": [Function],
  "getByPlaceholderText": [Function],
  "getByRole": [Function],
  "getByTestId": [Function],
  "getByText": [Function],
  "getByTitle": [Function],
  "queryAllByAltText": [Function],
  "queryAllByDisplayValue": [Function],
  "queryAllByLabelText": [Function],
  "queryAllByPlaceholderText": [Function],
  "queryAllByRole": [Function],
  "queryAllByTestId": [Function],
  "queryAllByText": [Function],
  "queryAllByTitle": [Function],
  "queryByAltText": [Function],
  "queryByDisplayValue": [Function],
  "queryByLabelText": [Function],
  "queryByPlaceholderText": [Function],
  "queryByRole": [Function],
  "queryByTestId": [Function],
  "queryByText": [Function],
  "queryByTitle": [Function],
  "rerender": [Function],
  "unmount": [Function],
}
`;
