// Vitest Snapshot v1, https://vitest.dev/guide/snapshot.html

exports[`MissionListPageWrapper > should match the snapshot 1`] = `
{
  "asFragment": [Function],
  "baseElement": <body>
    <div>
      <section
        class="rs-container"
        style="min-height: 100vh; max-height: 100vh; overflow: hidden;"
      >
        <div
          class="rs-stack"
          style="align-items: center; flex-direction: column; width: 100%; height: 100vh;"
        >
          <div
            class="rs-stack-item"
            style="width: 100%;"
          >
            Header
          </div>
          <div
            class="rs-stack-item"
            style="flex: 1; width: 100%;"
          >
            <section
              class="rs-container"
              style="height: 100%;"
            >
              <main
                class="rs-content"
                style="max-height: calc(100vh - 104px - 50px); overflow: hidden; display: flex;"
              >
                Main Page
              </main>
            </section>
          </div>
          <div
            class="rs-stack-item"
            style="width: 100%; min-height: 50px; border-top: 2px solid #CCCFD6;"
          >
            Footer
          </div>
        </div>
      </section>
    </div>
    <div
      class="rs-toast-provider"
    >
      <div
        class="rs-toast-container rs-toast-container-top-center"
      />
      <div
        class="rs-toast-container rs-toast-container-bottom-center"
      />
      <div
        class="rs-toast-container rs-toast-container-top-start"
      />
      <div
        class="rs-toast-container rs-toast-container-top-end"
      />
      <div
        class="rs-toast-container rs-toast-container-bottom-start"
      />
      <div
        class="rs-toast-container rs-toast-container-bottom-end"
      />
    </div>
  </body>,
  "container": <div>
    <section
      class="rs-container"
      style="min-height: 100vh; max-height: 100vh; overflow: hidden;"
    >
      <div
        class="rs-stack"
        style="align-items: center; flex-direction: column; width: 100%; height: 100vh;"
      >
        <div
          class="rs-stack-item"
          style="width: 100%;"
        >
          Header
        </div>
        <div
          class="rs-stack-item"
          style="flex: 1; width: 100%;"
        >
          <section
            class="rs-container"
            style="height: 100%;"
          >
            <main
              class="rs-content"
              style="max-height: calc(100vh - 104px - 50px); overflow: hidden; display: flex;"
            >
              Main Page
            </main>
          </section>
        </div>
        <div
          class="rs-stack-item"
          style="width: 100%; min-height: 50px; border-top: 2px solid #CCCFD6;"
        >
          Footer
        </div>
      </div>
    </section>
  </div>,
  "debug": [Function],
  "findAllByAltText": [Function],
  "findAllByDisplayValue": [Function],
  "findAllByLabelText": [Function],
  "findAllByPlaceholderText": [Function],
  "findAllByRole": [Function],
  "findAllByTestId": [Function],
  "findAllByText": [Function],
  "findAllByTitle": [Function],
  "findByAltText": [Function],
  "findByDisplayValue": [Function],
  "findByLabelText": [Function],
  "findByPlaceholderText": [Function],
  "findByRole": [Function],
  "findByTestId": [Function],
  "findByText": [Function],
  "findByTitle": [Function],
  "getAllByAltText": [Function],
  "getAllByDisplayValue": [Function],
  "getAllByLabelText": [Function],
  "getAllByPlaceholderText": [Function],
  "getAllByRole": [Function],
  "getAllByTestId": [Function],
  "getAllByText": [Function],
  "getAllByTitle": [Function],
  "getByAltText": [Function],
  "getByDisplayValue": [Function],
  "getByLabelText": [Function],
  "getByPlaceholderText": [Function],
  "getByRole": [Function],
  "getByTestId": [Function],
  "getByText": [Function],
  "getByTitle": [Function],
  "queryAllByAltText": [Function],
  "queryAllByDisplayValue": [Function],
  "queryAllByLabelText": [Function],
  "queryAllByPlaceholderText": [Function],
  "queryAllByRole": [Function],
  "queryAllByTestId": [Function],
  "queryAllByText": [Function],
  "queryAllByTitle": [Function],
  "queryByAltText": [Function],
  "queryByDisplayValue": [Function],
  "queryByLabelText": [Function],
  "queryByPlaceholderText": [Function],
  "queryByRole": [Function],
  "queryByTestId": [Function],
  "queryByText": [Function],
  "queryByTitle": [Function],
  "rerender": [Function],
  "unmount": [Function],
}
`;
