// Vitest Snapshot v1, https://vitest.dev/guide/snapshot.html

exports[`PageSectionWrapper > should match the snapshot 1`] = `
{
  "asFragment": [Function],
  "baseElement": <body>
    <div>
      <div
        class="rs-flex-box-grid rs-flex-box-grid-top rs-flex-box-grid-start"
      >
        <div
          class="rs-flex-box-grid-item rs-flex-box-grid-item-0"
          style="width: 100%; height: 50px;"
        >
          My Section Header
        </div>
        <div
          class="rs-flex-box-grid-item rs-flex-box-grid-item-0"
          style="width: 100%;"
        >
          <div
            aria-orientation="horizontal"
            class="rs-divider rs-divider-horizontal"
            role="separator"
            style="background-color: rgb(59, 69, 89);"
          />
        </div>
        <div
          class="rs-flex-box-grid-item rs-flex-box-grid-item-0"
          style="width: 100%; height: 2000px; overflow-y: auto; min-height: calc(100vh - 260px); max-height: calc(100vh - 260px);"
        >
          My Section Body
        </div>
      </div>
    </div>
    <div
      class="rs-toast-provider"
    >
      <div
        class="rs-toast-container rs-toast-container-top-center"
      />
      <div
        class="rs-toast-container rs-toast-container-bottom-center"
      />
      <div
        class="rs-toast-container rs-toast-container-top-start"
      />
      <div
        class="rs-toast-container rs-toast-container-top-end"
      />
      <div
        class="rs-toast-container rs-toast-container-bottom-start"
      />
      <div
        class="rs-toast-container rs-toast-container-bottom-end"
      />
    </div>
  </body>,
  "container": <div>
    <div
      class="rs-flex-box-grid rs-flex-box-grid-top rs-flex-box-grid-start"
    >
      <div
        class="rs-flex-box-grid-item rs-flex-box-grid-item-0"
        style="width: 100%; height: 50px;"
      >
        My Section Header
      </div>
      <div
        class="rs-flex-box-grid-item rs-flex-box-grid-item-0"
        style="width: 100%;"
      >
        <div
          aria-orientation="horizontal"
          class="rs-divider rs-divider-horizontal"
          role="separator"
          style="background-color: rgb(59, 69, 89);"
        />
      </div>
      <div
        class="rs-flex-box-grid-item rs-flex-box-grid-item-0"
        style="width: 100%; height: 2000px; overflow-y: auto; min-height: calc(100vh - 260px); max-height: calc(100vh - 260px);"
      >
        My Section Body
      </div>
    </div>
  </div>,
  "debug": [Function],
  "findAllByAltText": [Function],
  "findAllByDisplayValue": [Function],
  "findAllByLabelText": [Function],
  "findAllByPlaceholderText": [Function],
  "findAllByRole": [Function],
  "findAllByTestId": [Function],
  "findAllByText": [Function],
  "findAllByTitle": [Function],
  "findByAltText": [Function],
  "findByDisplayValue": [Function],
  "findByLabelText": [Function],
  "findByPlaceholderText": [Function],
  "findByRole": [Function],
  "findByTestId": [Function],
  "findByText": [Function],
  "findByTitle": [Function],
  "getAllByAltText": [Function],
  "getAllByDisplayValue": [Function],
  "getAllByLabelText": [Function],
  "getAllByPlaceholderText": [Function],
  "getAllByRole": [Function],
  "getAllByTestId": [Function],
  "getAllByText": [Function],
  "getAllByTitle": [Function],
  "getByAltText": [Function],
  "getByDisplayValue": [Function],
  "getByLabelText": [Function],
  "getByPlaceholderText": [Function],
  "getByRole": [Function],
  "getByTestId": [Function],
  "getByText": [Function],
  "getByTitle": [Function],
  "queryAllByAltText": [Function],
  "queryAllByDisplayValue": [Function],
  "queryAllByLabelText": [Function],
  "queryAllByPlaceholderText": [Function],
  "queryAllByRole": [Function],
  "queryAllByTestId": [Function],
  "queryAllByText": [Function],
  "queryAllByTitle": [Function],
  "queryByAltText": [Function],
  "queryByDisplayValue": [Function],
  "queryByLabelText": [Function],
  "queryByPlaceholderText": [Function],
  "queryByRole": [Function],
  "queryByTestId": [Function],
  "queryByText": [Function],
  "queryByTitle": [Function],
  "rerender": [Function],
  "unmount": [Function],
}
`;
