// Vitest Snapshot v1, https://vitest.dev/guide/snapshot.html

exports[`FormikCoordinateInputDMD > should match the snapshot 1`] = `
{
  "asFragment": [Function],
  "baseElement": <body>
    <div>
      <fieldset
        class="sc-fEOKFM eNpmbc Element-Fieldset sc-cHtFsA fyBNgP Field-CoordinatesInput sc-btRGtK"
      >
        <legend
          class="sc-beKSRx bPgRzG Element-Legend"
        >
          my coords (12° 12.12′ N 121° 21.21′ E)
        </legend>
        <div
          class="sc-bxmmIP bLqgCv Element-Fieldset__InnerBox"
        >
          <div
            class="sc-euHrWb fcMOjf"
          >
            <input
              data-cy="dmd-coordinates-input"
              name="coords"
              placeholder="__° __.___′ _ ___° __.___′"
              value=""
            />
            <span
              class="sc-ienWRC iSzZX"
            >
              (DMD)
            </span>
            <span
              class="sc-jJhUpn dKKttC"
            />
          </div>
        </div>
      </fieldset>
    </div>
    <div
      class="rs-toast-provider"
    >
      <div
        class="rs-toast-container rs-toast-container-top-center"
      />
      <div
        class="rs-toast-container rs-toast-container-bottom-center"
      />
      <div
        class="rs-toast-container rs-toast-container-top-start"
      />
      <div
        class="rs-toast-container rs-toast-container-top-end"
      />
      <div
        class="rs-toast-container rs-toast-container-bottom-start"
      />
      <div
        class="rs-toast-container rs-toast-container-bottom-end"
      />
    </div>
  </body>,
  "container": <div>
    <fieldset
      class="sc-fEOKFM eNpmbc Element-Fieldset sc-cHtFsA fyBNgP Field-CoordinatesInput sc-btRGtK"
    >
      <legend
        class="sc-beKSRx bPgRzG Element-Legend"
      >
        my coords (12° 12.12′ N 121° 21.21′ E)
      </legend>
      <div
        class="sc-bxmmIP bLqgCv Element-Fieldset__InnerBox"
      >
        <div
          class="sc-euHrWb fcMOjf"
        >
          <input
            data-cy="dmd-coordinates-input"
            name="coords"
            placeholder="__° __.___′ _ ___° __.___′"
            value=""
          />
          <span
            class="sc-ienWRC iSzZX"
          >
            (DMD)
          </span>
          <span
            class="sc-jJhUpn dKKttC"
          />
        </div>
      </div>
    </fieldset>
  </div>,
  "debug": [Function],
  "findAllByAltText": [Function],
  "findAllByDisplayValue": [Function],
  "findAllByLabelText": [Function],
  "findAllByPlaceholderText": [Function],
  "findAllByRole": [Function],
  "findAllByTestId": [Function],
  "findAllByText": [Function],
  "findAllByTitle": [Function],
  "findByAltText": [Function],
  "findByDisplayValue": [Function],
  "findByLabelText": [Function],
  "findByPlaceholderText": [Function],
  "findByRole": [Function],
  "findByTestId": [Function],
  "findByText": [Function],
  "findByTitle": [Function],
  "getAllByAltText": [Function],
  "getAllByDisplayValue": [Function],
  "getAllByLabelText": [Function],
  "getAllByPlaceholderText": [Function],
  "getAllByRole": [Function],
  "getAllByTestId": [Function],
  "getAllByText": [Function],
  "getAllByTitle": [Function],
  "getByAltText": [Function],
  "getByDisplayValue": [Function],
  "getByLabelText": [Function],
  "getByPlaceholderText": [Function],
  "getByRole": [Function],
  "getByTestId": [Function],
  "getByText": [Function],
  "getByTitle": [Function],
  "queryAllByAltText": [Function],
  "queryAllByDisplayValue": [Function],
  "queryAllByLabelText": [Function],
  "queryAllByPlaceholderText": [Function],
  "queryAllByRole": [Function],
  "queryAllByTestId": [Function],
  "queryAllByText": [Function],
  "queryAllByTitle": [Function],
  "queryByAltText": [Function],
  "queryByDisplayValue": [Function],
  "queryByLabelText": [Function],
  "queryByPlaceholderText": [Function],
  "queryByRole": [Function],
  "queryByTestId": [Function],
  "queryByText": [Function],
  "queryByTitle": [Function],
  "rerender": [Function],
  "unmount": [Function],
}
`;
