// Vitest Snapshot v1, https://vitest.dev/guide/snapshot.html

exports[`StyledFormikToggle > should match the snapshot 1`] = `
{
  "asFragment": [Function],
  "baseElement": <body>
    <div>
      <div
        style="width: 100%; display: flex; flex-direction: row; align-items: end;"
      >
        <div
          class="sc-fYmhhH jaaEau Element-Field Field-Toggle sc-lehtBJ ezRwHe"
        >
          <label
            class="sc-gahYZc eKorlU Element-Label"
            for="toogle"
          />
          <label
            class="sc-iyBeIh bNdnHy rs-toggle"
          >
            <input
              aria-checked="false"
              aria-disabled="false"
              aria-label="Fermer"
              class="rs-toggle-input"
              name="toogle"
              role="switch"
              type="checkbox"
            />
            <span
              class="rs-toggle-presentation"
            >
              <span
                class="rs-toggle-inner"
              />
            </span>
          </label>
        </div>
        <p
          class="sc-evkzZa sc-enPhjR fjwyIl esqQrj sc-kbeVdv eyllFw"
          font-size="13"
        >
          this is a style formik
        </p>
      </div>
    </div>
    <div
      class="rs-toast-provider"
    >
      <div
        class="rs-toast-container rs-toast-container-top-center"
      />
      <div
        class="rs-toast-container rs-toast-container-bottom-center"
      />
      <div
        class="rs-toast-container rs-toast-container-top-start"
      />
      <div
        class="rs-toast-container rs-toast-container-top-end"
      />
      <div
        class="rs-toast-container rs-toast-container-bottom-start"
      />
      <div
        class="rs-toast-container rs-toast-container-bottom-end"
      />
    </div>
  </body>,
  "container": <div>
    <div
      style="width: 100%; display: flex; flex-direction: row; align-items: end;"
    >
      <div
        class="sc-fYmhhH jaaEau Element-Field Field-Toggle sc-lehtBJ ezRwHe"
      >
        <label
          class="sc-gahYZc eKorlU Element-Label"
          for="toogle"
        />
        <label
          class="sc-iyBeIh bNdnHy rs-toggle"
        >
          <input
            aria-checked="false"
            aria-disabled="false"
            aria-label="Fermer"
            class="rs-toggle-input"
            name="toogle"
            role="switch"
            type="checkbox"
          />
          <span
            class="rs-toggle-presentation"
          >
            <span
              class="rs-toggle-inner"
            />
          </span>
        </label>
      </div>
      <p
        class="sc-evkzZa sc-enPhjR fjwyIl esqQrj sc-kbeVdv eyllFw"
        font-size="13"
      >
        this is a style formik
      </p>
    </div>
  </div>,
  "debug": [Function],
  "findAllByAltText": [Function],
  "findAllByDisplayValue": [Function],
  "findAllByLabelText": [Function],
  "findAllByPlaceholderText": [Function],
  "findAllByRole": [Function],
  "findAllByTestId": [Function],
  "findAllByText": [Function],
  "findAllByTitle": [Function],
  "findByAltText": [Function],
  "findByDisplayValue": [Function],
  "findByLabelText": [Function],
  "findByPlaceholderText": [Function],
  "findByRole": [Function],
  "findByTestId": [Function],
  "findByText": [Function],
  "findByTitle": [Function],
  "getAllByAltText": [Function],
  "getAllByDisplayValue": [Function],
  "getAllByLabelText": [Function],
  "getAllByPlaceholderText": [Function],
  "getAllByRole": [Function],
  "getAllByTestId": [Function],
  "getAllByText": [Function],
  "getAllByTitle": [Function],
  "getByAltText": [Function],
  "getByDisplayValue": [Function],
  "getByLabelText": [Function],
  "getByPlaceholderText": [Function],
  "getByRole": [Function],
  "getByTestId": [Function],
  "getByText": [Function],
  "getByTitle": [Function],
  "queryAllByAltText": [Function],
  "queryAllByDisplayValue": [Function],
  "queryAllByLabelText": [Function],
  "queryAllByPlaceholderText": [Function],
  "queryAllByRole": [Function],
  "queryAllByTestId": [Function],
  "queryAllByText": [Function],
  "queryAllByTitle": [Function],
  "queryByAltText": [Function],
  "queryByDisplayValue": [Function],
  "queryByLabelText": [Function],
  "queryByPlaceholderText": [Function],
  "queryByRole": [Function],
  "queryByTestId": [Function],
  "queryByText": [Function],
  "queryByTitle": [Function],
  "rerender": [Function],
  "unmount": [Function],
}
`;
