// Vitest Snapshot v1, https://vitest.dev/guide/snapshot.html

exports[`IconVesselCommerce > should match the snapshot 1`] = `
{
  "asFragment": [Function],
  "baseElement": <body>
    <div>
      <div
        class="rs-stack"
        style="align-items: flex-start; flex-direction: column; gap: 1.5rem; padding: 1rem;"
      >
        <div
          class="rs-stack-item"
        >
          <label
            class="sc-gahYZc dVDTiJ Element-Label"
          >
            Type de contrôle
          </label>
          <fieldset
            class="sc-DZJJV RRabk Element-Fieldset Field-MultiRadio"
            id="«r0»"
          >
            <div
              class="sc-kUouGy hIVQIi Element-Fieldset__InnerBox"
            >
              <div
                class="sc-zOxLx lmAHWp rs-radio-group rs-radio-group-default"
                role="radiogroup"
              >
                <div
                  class="sc-fYmhhH jaaEau Element-Field Field-Radio"
                >
                  <div
                    class="sc-jxYSNo coqezh rs-radio rs-radio-checked"
                  >
                    <div
                      class="rs-radio-checker"
                    >
                      <label>
                        <span
                          class="rs-radio-control"
                        >
                          <input
                            aria-checked="true"
                            aria-disabled="false"
                            aria-labelledby="label-«r1»"
                            checked=""
                            name="controlType"
                            tabindex="0"
                            type="radio"
                            value="SEA"
                          />
                          <span
                            aria-hidden="true"
                            class="rs-radio-inner"
                          />
                        </span>
                        <span
                          class="rs-radio-label"
                          id="label-«r1»"
                        >
                          Mer
                        </span>
                      </label>
                    </div>
                  </div>
                </div>
                <div
                  class="sc-fYmhhH jaaEau Element-Field Field-Radio"
                >
                  <div
                    class="sc-jxYSNo jDgArd rs-radio"
                  >
                    <div
                      class="rs-radio-checker"
                    >
                      <label>
                        <span
                          class="rs-radio-control"
                        >
                          <input
                            aria-checked="false"
                            aria-disabled="false"
                            aria-labelledby="label-«r2»"
                            name="controlType"
                            tabindex="0"
                            type="radio"
                            value="LAND"
                          />
                          <span
                            aria-hidden="true"
                            class="rs-radio-inner"
                          />
                        </span>
                        <span
                          class="rs-radio-label"
                          id="label-«r2»"
                        >
                          Terre
                        </span>
                      </label>
                    </div>
                  </div>
                </div>
              </div>
            </div>
          </fieldset>
        </div>
        <div
          class="rs-stack-item"
          style="width: 100%;"
        >
          <div
            class="rs-stack"
            style="align-items: flex-start; flex-direction: column; gap: 1rem;"
          >
            <div
              class="rs-stack-item"
              style="width: 100%;"
            >
              <div
                class="sc-lehtBJ hiSkVA"
              >
                <div
                  class="rs-stack"
                  style="align-items: center; flex-direction: row; gap: 1rem; width: 100%;"
                >
                  <div
                    class="rs-stack-item"
                    style="width: 15%;"
                  >
                    <img
                      alt="Bateaux école"
                      src="data:image/svg+xml,%3csvg%20xmlns='http://www.w3.org/2000/svg'%20width='55'%20height='28'%20viewBox='0%200%2055%2028'%3e%3cdefs%3e%3cclipPath%20id='clip-path'%3e%3crect%20id='Rectangle_6789'%20width='59.942'%20height='28.89'%20transform='translate(-5%20-5)'%20fill='%233b4559'/%3e%3c/clipPath%3e%3cclipPath%20id='clip-Plan_de_travail_2'%3e%3crect%20width='55'%20height='28'/%3e%3c/clipPath%3e%3c/defs%3e%3cg%20id='Plan_de_travail_2'%20clip-path='url(%23clip-Plan_de_travail_2)'%3e%3crect%20width='55'%20height='28'%20fill='transparent'/%3e%3cg%20id='Groupe_5543'%20transform='translate(1%203.918)'%3e%3cg%20id='Groupe_5526'%20transform='translate(0%200)'%20clip-path='url(%23clip-path)'%3e%3cpath%20id='Tracé_1807'%20d='M30.875,2.028A4.808,4.808,0,0,0,28.007,0H8.242V3.436l2.3,1.282L8.264,12.574l-8.154.512L0,13.093l.07.3,29.41-1.842,6.309-3.338.1-.053ZM27.728,1.14l1.156,1.245L9.391,2.267V1.14Zm-4.72,3.578-1.378,5.543-7.91.466,1.808-6.008ZM33.8,7.74l-4.13,2.154-6.5.362,1.608-5.539H31.13Z'%20transform='translate(0%20-1)'%20fill='%233b4559'/%3e%3cpath%20id='Tracé_1808'%20d='M37.361,9.1,29.628,13.19.073,15.041,2,23.109h34.9c.038,0,.2.008.452.008,1.56,0,6.694-.222,9.5-3.024,3.24-3.239,4.974-11.4,5.046-11.747l.053-.258ZM6.8,16.907H4.755v1.483H6.147a.559.559,0,1,1,0,1.117H4.755V20.99H6.8a.559.559,0,0,1,0,1.119H4.2a.554.554,0,0,1-.559-.559v-5.2a.554.554,0,0,1,.559-.56H6.8a.559.559,0,0,1,0,1.118m4.987,1.3a.554.554,0,0,1-.559-.559.742.742,0,0,0-1.483,0v2.6a.742.742,0,0,0,1.483,0,.559.559,0,1,1,1.118,0,1.86,1.86,0,0,1-3.719,0v-2.6a1.86,1.86,0,0,1,3.719,0,.553.553,0,0,1-.559.559M13.83,20.25v-2.6a1.86,1.86,0,0,1,3.719,0v2.6a1.86,1.86,0,0,1-3.719,0m7.931.74a.559.559,0,0,1,0,1.119H19.594a.554.554,0,0,1-.56-.559v-5.2a.559.559,0,1,1,1.118,0V20.99Zm5.2-4.083H24.923v1.483h1.392a.559.559,0,1,1,0,1.117H24.923V20.99h2.042a.559.559,0,0,1,0,1.119h-2.6a.554.554,0,0,1-.56-.559v-5.2a.554.554,0,0,1,.56-.56h2.6a.553.553,0,0,1,.559.56.559.559,0,0,1-.559.558'%20transform='translate(-0.011%20-1.228)'%20fill='%233b4559'/%3e%3cpath%20id='Tracé_1809'%20d='M18.344,22.781A.783.783,0,0,0,19.125,22V19.031a.782.782,0,1,0-1.563,0V22a.783.783,0,0,0,.782.782'%20transform='translate(-2.666%20-2.77)'%20fill='%233b4559'/%3e%3c/g%3e%3c/g%3e%3c/g%3e%3c/svg%3e"
                    />
                  </div>
                  <div
                    class="rs-stack-item"
                    style="width: 80%;"
                  >
                    <p
                      class="sc-iRcyzz sc-fFmWCW jUHdyB hAFmCO"
                      font-size="13"
                      weight="normal"
                    >
                      Contrôles de 
                      <b>
                        navire de services (travaux...)
                      </b>
                    </p>
                  </div>
                </div>
              </div>
            </div>
            <div
              class="rs-stack-item"
              style="width: 100%;"
            >
              <div
                class="sc-lehtBJ hiSkVA"
              >
                <div
                  class="rs-stack"
                  style="align-items: center; flex-direction: row; gap: 1rem; width: 100%;"
                >
                  <div
                    class="rs-stack-item"
                    style="width: 15%;"
                  >
                    <img
                      alt="Navire de commerce"
                      src="data:image/svg+xml,%3csvg%20height='36'%20viewBox='0%200%2069%2036'%20width='69'%20xmlns='http://www.w3.org/2000/svg'%3e%3cg%3e%3cpath%20d='m0%200h69v36h-69z'%20fill='transparent'/%3e%3cg%20fill='%233b4559'%3e%3cpath%20d='m61.985%2010.1h-61.985v-10.1h69l-5.333%207.738h-.042l-1.64%202.36zm-5.028-5.343a1.5%201.5%200%201%200%201.49%201.5%201.5%201.5%200%200%200%20-1.49-1.5zm-4.962%200a1.5%201.5%200%201%200%201.49%201.5%201.5%201.5%200%200%200%20-1.49-1.5zm-4.962%200a1.5%201.5%200%201%200%201.49%201.5%201.5%201.5%200%200%200%20-1.49-1.5z'%20transform='translate(.001%2025.9)'/%3e%3cpath%20d='m0%200h11v21h-11z'%20transform='translate(4.889%205.867)'/%3e%3cpath%20d='m17%205h-17v-5h17zm-5-4v3h3v-3zm-5%200v3h3v-3zm-5%200v3h3v-3z'%20transform='translate(1.889)'/%3e%3cpath%20d='m0%200h8v3h-8z'%20transform='translate(22.695%2023.756)'/%3e%3cpath%20d='m0%200h8v3h-8z'%20transform='translate(22.695%2019.797)'/%3e%3cpath%20d='m0%200h8v3h-8z'%20transform='translate(22.695%2015.836)'/%3e%3cpath%20d='m0%200h8v3h-8z'%20transform='translate(22.695%2011.877)'/%3e%3cpath%20d='m0%200h8v3h-8z'%20transform='translate(31.618%2023.756)'/%3e%3cpath%20d='m0%200h8v3h-8z'%20transform='translate(31.618%2019.797)'/%3e%3cpath%20d='m0%200h8v3h-8z'%20transform='translate(31.618%2015.836)'/%3e%3cpath%20d='m0%200h8v3h-8z'%20transform='translate(31.618%2011.877)'/%3e%3cpath%20d='m0%200h9v3h-9z'%20transform='translate(40.535%2023.756)'/%3e%3cpath%20d='m0%200h9v3h-9z'%20transform='translate(50.366%2023.756)'/%3e%3cpath%20d='m0%200h9v3h-9z'%20transform='translate(40.535%2019.797)'/%3e%3cpath%20d='m0%200h9v3h-9z'%20transform='translate(50.366%2019.797)'/%3e%3cpath%20d='m0%200h9v3h-9z'%20transform='translate(40.535%2015.836)'/%3e%3cpath%20d='m0%200h9v3h-9z'%20transform='translate(40.535%2011.877)'/%3e%3cpath%20d='m0%200h9v3h-9z'%20transform='translate(50.366%2015.836)'/%3e%3cpath%20d='m0%200h9v3h-9z'%20transform='translate(50.366%2011.877)'/%3e%3c/g%3e%3c/g%3e%3c/svg%3e"
                    />
                  </div>
                  <div
                    class="rs-stack-item"
                    style="width: 80%;"
                  >
                    <p
                      class="sc-iRcyzz sc-fFmWCW jUHdyB hAFmCO"
                      font-size="13"
                      weight="normal"
                    >
                      Contrôles de 
                      <b>
                        navire de commerce
                      </b>
                    </p>
                  </div>
                </div>
              </div>
            </div>
            <div
              class="rs-stack-item"
              style="width: 100%;"
            >
              <div
                class="sc-lehtBJ hiSkVA"
              >
                <div
                  class="rs-stack"
                  style="align-items: center; flex-direction: row; gap: 1rem; width: 100%;"
                >
                  <div
                    class="rs-stack-item"
                    style="width: 15%;"
                  >
                    <img
                      alt="Navire de pêche pro"
                      src="data:image/svg+xml,%3csvg%20height='32'%20viewBox='0%200%2051%2032'%20width='51'%20xmlns='http://www.w3.org/2000/svg'%3e%3cclipPath%20id='a'%3e%3cpath%20d='m0%200h51v32h-51z'/%3e%3c/clipPath%3e%3cg%20clip-path='url(%23a)'%3e%3cpath%20d='m0%200h51v32h-51z'%20fill='transparent'/%3e%3cg%20fill='%233b4559'%3e%3cpath%20d='m152.766%20120.266h28.018v4.519h-28.018zm0%200'%20transform='translate(-135.519%20-107.075)'/%3e%3cpath%20d='m51.766%2061.266h9.829v3.05h-9.829zm0%200'%20transform='translate(-45.917%20-54.551)'/%3e%3cpath%20d='m51.766%20102.266h9.829v6.553h-9.829zm0%200'%20transform='translate(-45.917%20-91.078)'/%3e%3cpath%20d='m5.066%20174.266h-5.066l1.438%209.716h43.038l6.524-9.716zm0%200'%20transform='translate(0%20-155.371)'/%3e%3cpath%20d='m81.766.266h2.934v5.31h-2.934zm0%200'%20transform='translate(-72.53%20-.266)'/%3e%3cpath%20d='m15.07%20276.074h40.235l1.237-1.808h-41.742zm0%200'%20transform='translate(-13.125%20-244.074)'/%3e%3c/g%3e%3c/g%3e%3c/svg%3e"
                    />
                  </div>
                  <div
                    class="rs-stack-item"
                    style="width: 80%;"
                  >
                    <p
                      class="sc-iRcyzz sc-fFmWCW jUHdyB hAFmCO"
                      font-size="13"
                      weight="normal"
                    >
                      Contrôles de 
                      <b>
                        navire de pêche professionnelle
                      </b>
                    </p>
                  </div>
                </div>
              </div>
            </div>
            <div
              class="rs-stack-item"
              style="width: 100%;"
            >
              <div
                class="sc-lehtBJ hiSkVA"
              >
                <div
                  class="rs-stack"
                  style="align-items: center; flex-direction: row; gap: 1rem; width: 100%;"
                >
                  <div
                    class="rs-stack-item"
                    style="width: 15%;"
                  >
                    <img
                      alt="Navire de plaisance pro"
                      src="data:image/svg+xml,%3csvg%20height='25'%20viewBox='0%200%2069%2025'%20width='69'%20xmlns='http://www.w3.org/2000/svg'%3e%3cclipPath%20id='a'%3e%3cpath%20d='m0%200h69v25h-69z'/%3e%3c/clipPath%3e%3cg%20clip-path='url(%23a)'%3e%3cpath%20d='m0%200h69v25h-69z'%20fill='transparent'/%3e%3cg%20fill='%233b4559'%3e%3cpath%20d='m542.789%202.775-2.524-2.525h-2.484l1.262%202.525zm0%200'%20transform='translate(-503.203%20-.25)'/%3e%3cpath%20d='m200.4.25h-5.68v2.525h7.58zm0%200'%20transform='translate(-182.207%20-.25)'/%3e%3cpath%20d='m0%20353.267h61.946l1.752-2.525h-63.698zm0%200'%20transform='translate(0%20-328.267)'/%3e%3cpath%20d='m61.385%20233.918h-61.385v5.048h65.492l3.508-5.048zm0%200'%20transform='translate(0%20-218.954)'/%3e%3cpath%20d='m110.971%2078.137h-45.2l-1.888%207.573h54.662zm-41.131%205.049h-2.525v-2.525h2.525zm5.049%200h-2.525v-2.525h2.524zm5.049%200h-2.525v-2.525h2.524zm5.05%200h-2.526v-2.525h2.525zm5.049%200h-2.526v-2.525h2.525zm5.049%200h-2.526v-2.525h2.524zm5.05%200h-2.527v-2.525h2.525zm5.048%200h-2.525v-2.525h2.525zm5.049%200h-2.525v-2.525h2.525zm0%200'%20transform='translate(-59.742%20-73.158)'/%3e%3c/g%3e%3c/g%3e%3c/svg%3e"
                    />
                  </div>
                  <div
                    class="rs-stack-item"
                    style="width: 80%;"
                  >
                    <p
                      class="sc-iRcyzz sc-fFmWCW jUHdyB hAFmCO"
                      font-size="13"
                      weight="normal"
                    >
                      Contrôles de 
                      <b>
                        navire de plaisance professionnelle
                      </b>
                    </p>
                  </div>
                </div>
              </div>
            </div>
            <div
              class="rs-stack-item"
              style="width: 100%;"
            >
              <div
                class="sc-lehtBJ hiSkVA"
              >
                <div
                  class="rs-stack"
                  style="align-items: center; flex-direction: row; gap: 1rem; width: 100%;"
                >
                  <div
                    class="rs-stack-item"
                    style="width: 15%;"
                  >
                    <img
                      alt="Navire de plaisance loisir"
                      src="data:image/svg+xml,%3csvg%20height='36'%20viewBox='0%200%2034%2036'%20width='34'%20xmlns='http://www.w3.org/2000/svg'%3e%3cclipPath%20id='a'%3e%3cpath%20d='m0%200h34v36h-34z'/%3e%3c/clipPath%3e%3cg%20clip-path='url(%23a)'%3e%3cpath%20d='m0%200h34v36h-34z'%20fill='transparent'/%3e%3cpath%20d='m3.395%2030.752h32.21a.9.9%200%200%201%20.716%201.435l-3.758%205.021a1.788%201.788%200%200%201%20-1.432.717h-23.263a1.788%201.788%200%200%201%20-1.432-.717l-3.757-5.021a.9.9%200%200%201%20.716-1.435zm7.446-7.173h10.448v-13.088zm14.027-20.758v22.551a1.791%201.791%200%200%201%20-1.789%201.793h-17.823a.9.9%200%200%201%20-.7-1.456l18.72-23.448a.894.894%200%200%201%201.593.56z'%20fill='%233b4559'%20transform='translate(-2.5%20-1.926)'/%3e%3c/g%3e%3c/svg%3e"
                    />
                  </div>
                  <div
                    class="rs-stack-item"
                    style="width: 80%;"
                  >
                    <p
                      class="sc-iRcyzz sc-fFmWCW jUHdyB hAFmCO"
                      font-size="13"
                      weight="normal"
                    >
                      Contrôles de 
                      <b>
                        navire de plaisance de loisir
                      </b>
                    </p>
                  </div>
                </div>
              </div>
            </div>
          </div>
        </div>
      </div>
    </div>
    <div
      class="rs-toast-provider"
    >
      <div
        class="rs-toast-container rs-toast-container-top-center"
      />
      <div
        class="rs-toast-container rs-toast-container-bottom-center"
      />
      <div
        class="rs-toast-container rs-toast-container-top-start"
      />
      <div
        class="rs-toast-container rs-toast-container-top-end"
      />
      <div
        class="rs-toast-container rs-toast-container-bottom-start"
      />
      <div
        class="rs-toast-container rs-toast-container-bottom-end"
      />
    </div>
  </body>,
  "container": <div>
    <div
      class="rs-stack"
      style="align-items: flex-start; flex-direction: column; gap: 1.5rem; padding: 1rem;"
    >
      <div
        class="rs-stack-item"
      >
        <label
          class="sc-gahYZc dVDTiJ Element-Label"
        >
          Type de contrôle
        </label>
        <fieldset
          class="sc-DZJJV RRabk Element-Fieldset Field-MultiRadio"
          id="«r0»"
        >
          <div
            class="sc-kUouGy hIVQIi Element-Fieldset__InnerBox"
          >
            <div
              class="sc-zOxLx lmAHWp rs-radio-group rs-radio-group-default"
              role="radiogroup"
            >
              <div
                class="sc-fYmhhH jaaEau Element-Field Field-Radio"
              >
                <div
                  class="sc-jxYSNo coqezh rs-radio rs-radio-checked"
                >
                  <div
                    class="rs-radio-checker"
                  >
                    <label>
                      <span
                        class="rs-radio-control"
                      >
                        <input
                          aria-checked="true"
                          aria-disabled="false"
                          aria-labelledby="label-«r1»"
                          checked=""
                          name="controlType"
                          tabindex="0"
                          type="radio"
                          value="SEA"
                        />
                        <span
                          aria-hidden="true"
                          class="rs-radio-inner"
                        />
                      </span>
                      <span
                        class="rs-radio-label"
                        id="label-«r1»"
                      >
                        Mer
                      </span>
                    </label>
                  </div>
                </div>
              </div>
              <div
                class="sc-fYmhhH jaaEau Element-Field Field-Radio"
              >
                <div
                  class="sc-jxYSNo jDgArd rs-radio"
                >
                  <div
                    class="rs-radio-checker"
                  >
                    <label>
                      <span
                        class="rs-radio-control"
                      >
                        <input
                          aria-checked="false"
                          aria-disabled="false"
                          aria-labelledby="label-«r2»"
                          name="controlType"
                          tabindex="0"
                          type="radio"
                          value="LAND"
                        />
                        <span
                          aria-hidden="true"
                          class="rs-radio-inner"
                        />
                      </span>
                      <span
                        class="rs-radio-label"
                        id="label-«r2»"
                      >
                        Terre
                      </span>
                    </label>
                  </div>
                </div>
              </div>
            </div>
          </div>
        </fieldset>
      </div>
      <div
        class="rs-stack-item"
        style="width: 100%;"
      >
        <div
          class="rs-stack"
          style="align-items: flex-start; flex-direction: column; gap: 1rem;"
        >
          <div
            class="rs-stack-item"
            style="width: 100%;"
          >
            <div
              class="sc-lehtBJ hiSkVA"
            >
              <div
                class="rs-stack"
                style="align-items: center; flex-direction: row; gap: 1rem; width: 100%;"
              >
                <div
                  class="rs-stack-item"
                  style="width: 15%;"
                >
                  <img
                    alt="Bateaux école"
                    src="data:image/svg+xml,%3csvg%20xmlns='http://www.w3.org/2000/svg'%20width='55'%20height='28'%20viewBox='0%200%2055%2028'%3e%3cdefs%3e%3cclipPath%20id='clip-path'%3e%3crect%20id='Rectangle_6789'%20width='59.942'%20height='28.89'%20transform='translate(-5%20-5)'%20fill='%233b4559'/%3e%3c/clipPath%3e%3cclipPath%20id='clip-Plan_de_travail_2'%3e%3crect%20width='55'%20height='28'/%3e%3c/clipPath%3e%3c/defs%3e%3cg%20id='Plan_de_travail_2'%20clip-path='url(%23clip-Plan_de_travail_2)'%3e%3crect%20width='55'%20height='28'%20fill='transparent'/%3e%3cg%20id='Groupe_5543'%20transform='translate(1%203.918)'%3e%3cg%20id='Groupe_5526'%20transform='translate(0%200)'%20clip-path='url(%23clip-path)'%3e%3cpath%20id='Tracé_1807'%20d='M30.875,2.028A4.808,4.808,0,0,0,28.007,0H8.242V3.436l2.3,1.282L8.264,12.574l-8.154.512L0,13.093l.07.3,29.41-1.842,6.309-3.338.1-.053ZM27.728,1.14l1.156,1.245L9.391,2.267V1.14Zm-4.72,3.578-1.378,5.543-7.91.466,1.808-6.008ZM33.8,7.74l-4.13,2.154-6.5.362,1.608-5.539H31.13Z'%20transform='translate(0%20-1)'%20fill='%233b4559'/%3e%3cpath%20id='Tracé_1808'%20d='M37.361,9.1,29.628,13.19.073,15.041,2,23.109h34.9c.038,0,.2.008.452.008,1.56,0,6.694-.222,9.5-3.024,3.24-3.239,4.974-11.4,5.046-11.747l.053-.258ZM6.8,16.907H4.755v1.483H6.147a.559.559,0,1,1,0,1.117H4.755V20.99H6.8a.559.559,0,0,1,0,1.119H4.2a.554.554,0,0,1-.559-.559v-5.2a.554.554,0,0,1,.559-.56H6.8a.559.559,0,0,1,0,1.118m4.987,1.3a.554.554,0,0,1-.559-.559.742.742,0,0,0-1.483,0v2.6a.742.742,0,0,0,1.483,0,.559.559,0,1,1,1.118,0,1.86,1.86,0,0,1-3.719,0v-2.6a1.86,1.86,0,0,1,3.719,0,.553.553,0,0,1-.559.559M13.83,20.25v-2.6a1.86,1.86,0,0,1,3.719,0v2.6a1.86,1.86,0,0,1-3.719,0m7.931.74a.559.559,0,0,1,0,1.119H19.594a.554.554,0,0,1-.56-.559v-5.2a.559.559,0,1,1,1.118,0V20.99Zm5.2-4.083H24.923v1.483h1.392a.559.559,0,1,1,0,1.117H24.923V20.99h2.042a.559.559,0,0,1,0,1.119h-2.6a.554.554,0,0,1-.56-.559v-5.2a.554.554,0,0,1,.56-.56h2.6a.553.553,0,0,1,.559.56.559.559,0,0,1-.559.558'%20transform='translate(-0.011%20-1.228)'%20fill='%233b4559'/%3e%3cpath%20id='Tracé_1809'%20d='M18.344,22.781A.783.783,0,0,0,19.125,22V19.031a.782.782,0,1,0-1.563,0V22a.783.783,0,0,0,.782.782'%20transform='translate(-2.666%20-2.77)'%20fill='%233b4559'/%3e%3c/g%3e%3c/g%3e%3c/g%3e%3c/svg%3e"
                  />
                </div>
                <div
                  class="rs-stack-item"
                  style="width: 80%;"
                >
                  <p
                    class="sc-iRcyzz sc-fFmWCW jUHdyB hAFmCO"
                    font-size="13"
                    weight="normal"
                  >
                    Contrôles de 
                    <b>
                      navire de services (travaux...)
                    </b>
                  </p>
                </div>
              </div>
            </div>
          </div>
          <div
            class="rs-stack-item"
            style="width: 100%;"
          >
            <div
              class="sc-lehtBJ hiSkVA"
            >
              <div
                class="rs-stack"
                style="align-items: center; flex-direction: row; gap: 1rem; width: 100%;"
              >
                <div
                  class="rs-stack-item"
                  style="width: 15%;"
                >
                  <img
                    alt="Navire de commerce"
                    src="data:image/svg+xml,%3csvg%20height='36'%20viewBox='0%200%2069%2036'%20width='69'%20xmlns='http://www.w3.org/2000/svg'%3e%3cg%3e%3cpath%20d='m0%200h69v36h-69z'%20fill='transparent'/%3e%3cg%20fill='%233b4559'%3e%3cpath%20d='m61.985%2010.1h-61.985v-10.1h69l-5.333%207.738h-.042l-1.64%202.36zm-5.028-5.343a1.5%201.5%200%201%200%201.49%201.5%201.5%201.5%200%200%200%20-1.49-1.5zm-4.962%200a1.5%201.5%200%201%200%201.49%201.5%201.5%201.5%200%200%200%20-1.49-1.5zm-4.962%200a1.5%201.5%200%201%200%201.49%201.5%201.5%201.5%200%200%200%20-1.49-1.5z'%20transform='translate(.001%2025.9)'/%3e%3cpath%20d='m0%200h11v21h-11z'%20transform='translate(4.889%205.867)'/%3e%3cpath%20d='m17%205h-17v-5h17zm-5-4v3h3v-3zm-5%200v3h3v-3zm-5%200v3h3v-3z'%20transform='translate(1.889)'/%3e%3cpath%20d='m0%200h8v3h-8z'%20transform='translate(22.695%2023.756)'/%3e%3cpath%20d='m0%200h8v3h-8z'%20transform='translate(22.695%2019.797)'/%3e%3cpath%20d='m0%200h8v3h-8z'%20transform='translate(22.695%2015.836)'/%3e%3cpath%20d='m0%200h8v3h-8z'%20transform='translate(22.695%2011.877)'/%3e%3cpath%20d='m0%200h8v3h-8z'%20transform='translate(31.618%2023.756)'/%3e%3cpath%20d='m0%200h8v3h-8z'%20transform='translate(31.618%2019.797)'/%3e%3cpath%20d='m0%200h8v3h-8z'%20transform='translate(31.618%2015.836)'/%3e%3cpath%20d='m0%200h8v3h-8z'%20transform='translate(31.618%2011.877)'/%3e%3cpath%20d='m0%200h9v3h-9z'%20transform='translate(40.535%2023.756)'/%3e%3cpath%20d='m0%200h9v3h-9z'%20transform='translate(50.366%2023.756)'/%3e%3cpath%20d='m0%200h9v3h-9z'%20transform='translate(40.535%2019.797)'/%3e%3cpath%20d='m0%200h9v3h-9z'%20transform='translate(50.366%2019.797)'/%3e%3cpath%20d='m0%200h9v3h-9z'%20transform='translate(40.535%2015.836)'/%3e%3cpath%20d='m0%200h9v3h-9z'%20transform='translate(40.535%2011.877)'/%3e%3cpath%20d='m0%200h9v3h-9z'%20transform='translate(50.366%2015.836)'/%3e%3cpath%20d='m0%200h9v3h-9z'%20transform='translate(50.366%2011.877)'/%3e%3c/g%3e%3c/g%3e%3c/svg%3e"
                  />
                </div>
                <div
                  class="rs-stack-item"
                  style="width: 80%;"
                >
                  <p
                    class="sc-iRcyzz sc-fFmWCW jUHdyB hAFmCO"
                    font-size="13"
                    weight="normal"
                  >
                    Contrôles de 
                    <b>
                      navire de commerce
                    </b>
                  </p>
                </div>
              </div>
            </div>
          </div>
          <div
            class="rs-stack-item"
            style="width: 100%;"
          >
            <div
              class="sc-lehtBJ hiSkVA"
            >
              <div
                class="rs-stack"
                style="align-items: center; flex-direction: row; gap: 1rem; width: 100%;"
              >
                <div
                  class="rs-stack-item"
                  style="width: 15%;"
                >
                  <img
                    alt="Navire de pêche pro"
                    src="data:image/svg+xml,%3csvg%20height='32'%20viewBox='0%200%2051%2032'%20width='51'%20xmlns='http://www.w3.org/2000/svg'%3e%3cclipPath%20id='a'%3e%3cpath%20d='m0%200h51v32h-51z'/%3e%3c/clipPath%3e%3cg%20clip-path='url(%23a)'%3e%3cpath%20d='m0%200h51v32h-51z'%20fill='transparent'/%3e%3cg%20fill='%233b4559'%3e%3cpath%20d='m152.766%20120.266h28.018v4.519h-28.018zm0%200'%20transform='translate(-135.519%20-107.075)'/%3e%3cpath%20d='m51.766%2061.266h9.829v3.05h-9.829zm0%200'%20transform='translate(-45.917%20-54.551)'/%3e%3cpath%20d='m51.766%20102.266h9.829v6.553h-9.829zm0%200'%20transform='translate(-45.917%20-91.078)'/%3e%3cpath%20d='m5.066%20174.266h-5.066l1.438%209.716h43.038l6.524-9.716zm0%200'%20transform='translate(0%20-155.371)'/%3e%3cpath%20d='m81.766.266h2.934v5.31h-2.934zm0%200'%20transform='translate(-72.53%20-.266)'/%3e%3cpath%20d='m15.07%20276.074h40.235l1.237-1.808h-41.742zm0%200'%20transform='translate(-13.125%20-244.074)'/%3e%3c/g%3e%3c/g%3e%3c/svg%3e"
                  />
                </div>
                <div
                  class="rs-stack-item"
                  style="width: 80%;"
                >
                  <p
                    class="sc-iRcyzz sc-fFmWCW jUHdyB hAFmCO"
                    font-size="13"
                    weight="normal"
                  >
                    Contrôles de 
                    <b>
                      navire de pêche professionnelle
                    </b>
                  </p>
                </div>
              </div>
            </div>
          </div>
          <div
            class="rs-stack-item"
            style="width: 100%;"
          >
            <div
              class="sc-lehtBJ hiSkVA"
            >
              <div
                class="rs-stack"
                style="align-items: center; flex-direction: row; gap: 1rem; width: 100%;"
              >
                <div
                  class="rs-stack-item"
                  style="width: 15%;"
                >
                  <img
                    alt="Navire de plaisance pro"
                    src="data:image/svg+xml,%3csvg%20height='25'%20viewBox='0%200%2069%2025'%20width='69'%20xmlns='http://www.w3.org/2000/svg'%3e%3cclipPath%20id='a'%3e%3cpath%20d='m0%200h69v25h-69z'/%3e%3c/clipPath%3e%3cg%20clip-path='url(%23a)'%3e%3cpath%20d='m0%200h69v25h-69z'%20fill='transparent'/%3e%3cg%20fill='%233b4559'%3e%3cpath%20d='m542.789%202.775-2.524-2.525h-2.484l1.262%202.525zm0%200'%20transform='translate(-503.203%20-.25)'/%3e%3cpath%20d='m200.4.25h-5.68v2.525h7.58zm0%200'%20transform='translate(-182.207%20-.25)'/%3e%3cpath%20d='m0%20353.267h61.946l1.752-2.525h-63.698zm0%200'%20transform='translate(0%20-328.267)'/%3e%3cpath%20d='m61.385%20233.918h-61.385v5.048h65.492l3.508-5.048zm0%200'%20transform='translate(0%20-218.954)'/%3e%3cpath%20d='m110.971%2078.137h-45.2l-1.888%207.573h54.662zm-41.131%205.049h-2.525v-2.525h2.525zm5.049%200h-2.525v-2.525h2.524zm5.049%200h-2.525v-2.525h2.524zm5.05%200h-2.526v-2.525h2.525zm5.049%200h-2.526v-2.525h2.525zm5.049%200h-2.526v-2.525h2.524zm5.05%200h-2.527v-2.525h2.525zm5.048%200h-2.525v-2.525h2.525zm5.049%200h-2.525v-2.525h2.525zm0%200'%20transform='translate(-59.742%20-73.158)'/%3e%3c/g%3e%3c/g%3e%3c/svg%3e"
                  />
                </div>
                <div
                  class="rs-stack-item"
                  style="width: 80%;"
                >
                  <p
                    class="sc-iRcyzz sc-fFmWCW jUHdyB hAFmCO"
                    font-size="13"
                    weight="normal"
                  >
                    Contrôles de 
                    <b>
                      navire de plaisance professionnelle
                    </b>
                  </p>
                </div>
              </div>
            </div>
          </div>
          <div
            class="rs-stack-item"
            style="width: 100%;"
          >
            <div
              class="sc-lehtBJ hiSkVA"
            >
              <div
                class="rs-stack"
                style="align-items: center; flex-direction: row; gap: 1rem; width: 100%;"
              >
                <div
                  class="rs-stack-item"
                  style="width: 15%;"
                >
                  <img
                    alt="Navire de plaisance loisir"
                    src="data:image/svg+xml,%3csvg%20height='36'%20viewBox='0%200%2034%2036'%20width='34'%20xmlns='http://www.w3.org/2000/svg'%3e%3cclipPath%20id='a'%3e%3cpath%20d='m0%200h34v36h-34z'/%3e%3c/clipPath%3e%3cg%20clip-path='url(%23a)'%3e%3cpath%20d='m0%200h34v36h-34z'%20fill='transparent'/%3e%3cpath%20d='m3.395%2030.752h32.21a.9.9%200%200%201%20.716%201.435l-3.758%205.021a1.788%201.788%200%200%201%20-1.432.717h-23.263a1.788%201.788%200%200%201%20-1.432-.717l-3.757-5.021a.9.9%200%200%201%20.716-1.435zm7.446-7.173h10.448v-13.088zm14.027-20.758v22.551a1.791%201.791%200%200%201%20-1.789%201.793h-17.823a.9.9%200%200%201%20-.7-1.456l18.72-23.448a.894.894%200%200%201%201.593.56z'%20fill='%233b4559'%20transform='translate(-2.5%20-1.926)'/%3e%3c/g%3e%3c/svg%3e"
                  />
                </div>
                <div
                  class="rs-stack-item"
                  style="width: 80%;"
                >
                  <p
                    class="sc-iRcyzz sc-fFmWCW jUHdyB hAFmCO"
                    font-size="13"
                    weight="normal"
                  >
                    Contrôles de 
                    <b>
                      navire de plaisance de loisir
                    </b>
                  </p>
                </div>
              </div>
            </div>
          </div>
        </div>
      </div>
    </div>
  </div>,
  "debug": [Function],
  "findAllByAltText": [Function],
  "findAllByDisplayValue": [Function],
  "findAllByLabelText": [Function],
  "findAllByPlaceholderText": [Function],
  "findAllByRole": [Function],
  "findAllByTestId": [Function],
  "findAllByText": [Function],
  "findAllByTitle": [Function],
  "findByAltText": [Function],
  "findByDisplayValue": [Function],
  "findByLabelText": [Function],
  "findByPlaceholderText": [Function],
  "findByRole": [Function],
  "findByTestId": [Function],
  "findByText": [Function],
  "findByTitle": [Function],
  "getAllByAltText": [Function],
  "getAllByDisplayValue": [Function],
  "getAllByLabelText": [Function],
  "getAllByPlaceholderText": [Function],
  "getAllByRole": [Function],
  "getAllByTestId": [Function],
  "getAllByText": [Function],
  "getAllByTitle": [Function],
  "getByAltText": [Function],
  "getByDisplayValue": [Function],
  "getByLabelText": [Function],
  "getByPlaceholderText": [Function],
  "getByRole": [Function],
  "getByTestId": [Function],
  "getByText": [Function],
  "getByTitle": [Function],
  "queryAllByAltText": [Function],
  "queryAllByDisplayValue": [Function],
  "queryAllByLabelText": [Function],
  "queryAllByPlaceholderText": [Function],
  "queryAllByRole": [Function],
  "queryAllByTestId": [Function],
  "queryAllByText": [Function],
  "queryAllByTitle": [Function],
  "queryByAltText": [Function],
  "queryByDisplayValue": [Function],
  "queryByLabelText": [Function],
  "queryByPlaceholderText": [Function],
  "queryByRole": [Function],
  "queryByTestId": [Function],
  "queryByText": [Function],
  "queryByTitle": [Function],
  "rerender": [Function],
  "unmount": [Function],
}
`;
