// Vitest Snapshot v1, https://vitest.dev/guide/snapshot.html

exports[`MissionPageError > should match the snapshot 1`] = `
{
  "asFragment": [Function],
  "baseElement": <body>
    <div>
      <div
        style="margin: 10rem 0px 0px 0px; display: flex; flex-direction: column; min-height: 100vh; max-height: 100vh;"
      >
        <div
          class="rs-stack"
          style="align-items: center; justify-content: center; flex-direction: column; gap: 2rem;"
        >
          <div
            class="rs-stack-item"
            style="max-width: 33%;"
          >
            <p
              class="sc-Pgsbw sc-evkzZa fcipFF fsVFmj"
              font-size="16"
            >
              Une erreur est survenue
            </p>
            <p
              class="sc-Pgsbw sc-iRcyzz fcipFF lgFzvd"
              font-size="13"
            >
              this is and error
            </p>
          </div>
          <div
            class="rs-stack-item"
          >
            <button
              class="sc-etsjJW sc-koBvLg cTQhTy EvnjZ Element-Button"
              type="button"
            >
              <span
                class="sc-fYmhhH fpTffY"
              >
                Retourner à l'accueil
              </span>
            </button>
          </div>
        </div>
      </div>
    </div>
    <div
      class="rs-toast-provider"
    >
      <div
        class="rs-toast-container rs-toast-container-top-center"
      />
      <div
        class="rs-toast-container rs-toast-container-bottom-center"
      />
      <div
        class="rs-toast-container rs-toast-container-top-start"
      />
      <div
        class="rs-toast-container rs-toast-container-top-end"
      />
      <div
        class="rs-toast-container rs-toast-container-bottom-start"
      />
      <div
        class="rs-toast-container rs-toast-container-bottom-end"
      />
    </div>
  </body>,
  "container": <div>
    <div
      style="margin: 10rem 0px 0px 0px; display: flex; flex-direction: column; min-height: 100vh; max-height: 100vh;"
    >
      <div
        class="rs-stack"
        style="align-items: center; justify-content: center; flex-direction: column; gap: 2rem;"
      >
        <div
          class="rs-stack-item"
          style="max-width: 33%;"
        >
          <p
            class="sc-Pgsbw sc-evkzZa fcipFF fsVFmj"
            font-size="16"
          >
            Une erreur est survenue
          </p>
          <p
            class="sc-Pgsbw sc-iRcyzz fcipFF lgFzvd"
            font-size="13"
          >
            this is and error
          </p>
        </div>
        <div
          class="rs-stack-item"
        >
          <button
            class="sc-etsjJW sc-koBvLg cTQhTy EvnjZ Element-Button"
            type="button"
          >
            <span
              class="sc-fYmhhH fpTffY"
            >
              Retourner à l'accueil
            </span>
          </button>
        </div>
      </div>
    </div>
  </div>,
  "debug": [Function],
  "findAllByAltText": [Function],
  "findAllByDisplayValue": [Function],
  "findAllByLabelText": [Function],
  "findAllByPlaceholderText": [Function],
  "findAllByRole": [Function],
  "findAllByTestId": [Function],
  "findAllByText": [Function],
  "findAllByTitle": [Function],
  "findByAltText": [Function],
  "findByDisplayValue": [Function],
  "findByLabelText": [Function],
  "findByPlaceholderText": [Function],
  "findByRole": [Function],
  "findByTestId": [Function],
  "findByText": [Function],
  "findByTitle": [Function],
  "getAllByAltText": [Function],
  "getAllByDisplayValue": [Function],
  "getAllByLabelText": [Function],
  "getAllByPlaceholderText": [Function],
  "getAllByRole": [Function],
  "getAllByTestId": [Function],
  "getAllByText": [Function],
  "getAllByTitle": [Function],
  "getByAltText": [Function],
  "getByDisplayValue": [Function],
  "getByLabelText": [Function],
  "getByPlaceholderText": [Function],
  "getByRole": [Function],
  "getByTestId": [Function],
  "getByText": [Function],
  "getByTitle": [Function],
  "queryAllByAltText": [Function],
  "queryAllByDisplayValue": [Function],
  "queryAllByLabelText": [Function],
  "queryAllByPlaceholderText": [Function],
  "queryAllByRole": [Function],
  "queryAllByTestId": [Function],
  "queryAllByText": [Function],
  "queryAllByTitle": [Function],
  "queryByAltText": [Function],
  "queryByDisplayValue": [Function],
  "queryByLabelText": [Function],
  "queryByPlaceholderText": [Function],
  "queryByRole": [Function],
  "queryByTestId": [Function],
  "queryByText": [Function],
  "queryByTitle": [Function],
  "rerender": [Function],
  "unmount": [Function],
}
`;
