// Vitest Snapshot v1, https://vitest.dev/guide/snapshot.html

exports[`MissionIncompleteTag > should match the snapshot 1`] = `
{
  "asFragment": [Function],
  "baseElement": <body>
    <div>
      <span
        class="sc-sediK sc-cAQujh dmyBHr iGIJEZ Element-Tag"
        data-testid="controls-to-complete-tag"
        style="align-items: center; padding: 2px 6px 2px 2px;"
      >
        <div
          style="height: 20px; width: 20px; border-radius: 50%; color: white; font-weight: bold; background-color: rgb(225, 0, 15); display: flex; align-items: center; justify-content: center; margin-right: 4px;"
        >
          3
        </div>
        <div>
          <b>
            types de contrôles à compléter
          </b>
        </div>
      </span>
    </div>
    <div
      class="rs-toast-provider"
    >
      <div
        class="rs-toast-container rs-toast-container-top-center"
      />
      <div
        class="rs-toast-container rs-toast-container-bottom-center"
      />
      <div
        class="rs-toast-container rs-toast-container-top-start"
      />
      <div
        class="rs-toast-container rs-toast-container-top-end"
      />
      <div
        class="rs-toast-container rs-toast-container-bottom-start"
      />
      <div
        class="rs-toast-container rs-toast-container-bottom-end"
      />
    </div>
  </body>,
  "container": <div>
    <span
      class="sc-sediK sc-cAQujh dmyBHr iGIJEZ Element-Tag"
      data-testid="controls-to-complete-tag"
      style="align-items: center; padding: 2px 6px 2px 2px;"
    >
      <div
        style="height: 20px; width: 20px; border-radius: 50%; color: white; font-weight: bold; background-color: rgb(225, 0, 15); display: flex; align-items: center; justify-content: center; margin-right: 4px;"
      >
        3
      </div>
      <div>
        <b>
          types de contrôles à compléter
        </b>
      </div>
    </span>
  </div>,
  "debug": [Function],
  "findAllByAltText": [Function],
  "findAllByDisplayValue": [Function],
  "findAllByLabelText": [Function],
  "findAllByPlaceholderText": [Function],
  "findAllByRole": [Function],
  "findAllByTestId": [Function],
  "findAllByText": [Function],
  "findAllByTitle": [Function],
  "findByAltText": [Function],
  "findByDisplayValue": [Function],
  "findByLabelText": [Function],
  "findByPlaceholderText": [Function],
  "findByRole": [Function],
  "findByTestId": [Function],
  "findByText": [Function],
  "findByTitle": [Function],
  "getAllByAltText": [Function],
  "getAllByDisplayValue": [Function],
  "getAllByLabelText": [Function],
  "getAllByPlaceholderText": [Function],
  "getAllByRole": [Function],
  "getAllByTestId": [Function],
  "getAllByText": [Function],
  "getAllByTitle": [Function],
  "getByAltText": [Function],
  "getByDisplayValue": [Function],
  "getByLabelText": [Function],
  "getByPlaceholderText": [Function],
  "getByRole": [Function],
  "getByTestId": [Function],
  "getByText": [Function],
  "getByTitle": [Function],
  "queryAllByAltText": [Function],
  "queryAllByDisplayValue": [Function],
  "queryAllByLabelText": [Function],
  "queryAllByPlaceholderText": [Function],
  "queryAllByRole": [Function],
  "queryAllByTestId": [Function],
  "queryAllByText": [Function],
  "queryAllByTitle": [Function],
  "queryByAltText": [Function],
  "queryByDisplayValue": [Function],
  "queryByLabelText": [Function],
  "queryByPlaceholderText": [Function],
  "queryByRole": [Function],
  "queryByTestId": [Function],
  "queryByText": [Function],
  "queryByTitle": [Function],
  "rerender": [Function],
  "unmount": [Function],
}
`;
